
     Program PWSCF v.5.0.1 starts on  4Mar2016 at 13:36: 9 

     This program is part of the open-source Quantum ESPRESSO suite
     for quantum simulation of materials; please cite
         "P. Giannozzi et al., J. Phys.:Condens. Matter 21 395502 (2009);
          URL http://www.quantum-espresso.org", 
     in publications or presentations arising from this work. More details at
     http://www.quantum-espresso.org/quote.php

     Parallel version (MPI), running on    16 processors
     R & G space division:  proc/pool =   16

     Current dimensions of program PWSCF are:
     Max number of different atomic species (ntypx) = 10
     Max number of k-points (npk) =  40000
     Max angular momentum in pseudopotentials (lmaxx) =  3
     Waiting for input...
     Reading input from standard input
               file W.UPF: wavefunction(s)  5F renormalized

     Atomic positions and unit cell read from directory:
     ./W.save/
 

     Subspace diagonalization in iterative solution of the eigenvalue problem:
     scalapack distributed-memory algorithm (size of sub-group:  2*  2 procs)

     Message from routine setup:
     no reason to have ecutrho>4*ecutwfc
 
     Parallelization info
     --------------------
     sticks:   dense  smooth     PW     G-vecs:    dense   smooth      PW
     Min          20      17      6                  223      183      38
     Max          21      18      7                  226      198      40
     Sum         321     281     99                 3589     3043     627
 


     bravais-lattice index     =            3
     lattice parameter (alat)  =       6.0012  a.u.
     unit-cell volume          =     108.0664 (a.u.)^3
     number of atoms/cell      =            1
     number of atomic types    =            1
     number of electrons       =         6.12
     number of Kohn-Sham states=            7
     kinetic-energy cutoff     =      35.0000  Ry
     charge density cutoff     =     160.0000  Ry
     Exchange-correlation      = SLA  PW   PBE  PBE ( 1 4 3 4 0)
     EXX-fraction              =        0.00

     celldm(1)=   6.001230  celldm(2)=   0.000000  celldm(3)=   0.000000
     celldm(4)=   0.000000  celldm(5)=   0.000000  celldm(6)=   0.000000

     crystal axes: (cart. coord. in units of alat)
               a(1) = (   0.500000   0.500000   0.500000 )  
               a(2) = (  -0.500000   0.500000   0.500000 )  
               a(3) = (  -0.500000  -0.500000   0.500000 )  

     reciprocal axes: (cart. coord. in units 2 pi/alat)
               b(1) = (  1.000000  0.000000  1.000000 )  
               b(2) = ( -1.000000  1.000000  0.000000 )  
               b(3) = (  0.000000 -1.000000  1.000000 )  


     PseudoPot. # 1 for W  read from file:
     ./W.UPF
     MD5 check sum: 5892f9e7f0235503db9c4da93c85d355
     Pseudo is Norm-conserving + core correction, Zval =  6.1
     Generated by new atomic code, or converted to UPF format
     Using radial grid of  565 points,  3 beta functions with: 
                l(1) =   1
                l(2) =   2
                l(3) =   3

     atomic species   valence    mass     pseudopotential
        W              6.12   183.84000     W ( 1.00)

     48 Sym. Ops., with inversion, found



   Cartesian axes

     site n.     atom                  positions (alat units)
         1           W   tau(   1) = (   0.0000000   0.0000000   0.0000000  )

     number of k points=   413 (tetrahedron method)

     Number of k-points >= 100: set verbosity='high' to print them.

     Dense  grid:     3589 G-vectors     FFT dimensions: (  24,  24,  24)

     Smooth grid:     3043 G-vectors     FFT dimensions: (  20,  20,  20)

     Largest allocated arrays     est. size (Mb)     dimensions
        Kohn-Sham Wavefunctions         0.00 Mb     (     28,    7)
        NL pseudopotentials             0.01 Mb     (     28,   15)
        Each V/rho on FFT grid          0.02 Mb     (   1152)
        Each G-vector array             0.00 Mb     (    226)
        G-vector shells                 0.00 Mb     (     49)
     Largest temporary arrays     est. size (Mb)     dimensions
        Auxiliary wavefunctions         0.01 Mb     (     28,   28)
        Each subspace H/S matrix        0.00 Mb     (  14,  14)
        Each <psi_i|beta_j> matrix      0.00 Mb     (     15,    7)

     The potential is recalculated from file :
     ./W.save/charge-density.dat

     Starting wfc are   16 randomized atomic wfcs

     total cpu time spent up to now is       38.1 secs

     per-process dynamical memory:     3.8 Mb

     Band Structure Calculation
     Davidson diagonalization with overlap

     ethr =  1.63E-12,  avg # of iterations = 27.5

     total cpu time spent up to now is       58.9 secs

     End of band structure calculation

     Number of k-points >= 100: set verbosity='high' to print the bands.

     the Fermi energy is    15.6876 ev

     Writing output data file W.save
 
     init_run     :      0.04s CPU      0.48s WALL (       1 calls)
     electrons    :     17.54s CPU     20.74s WALL (       1 calls)

     Called by init_run:
     wfcinit      :      0.00s CPU      0.01s WALL (       1 calls)
     potinit      :      0.01s CPU      0.15s WALL (       1 calls)

     Called by electrons:
     c_bands      :     16.87s CPU     20.05s WALL (       1 calls)
     v_of_rho     :      0.00s CPU      0.08s WALL (       1 calls)

     Called by c_bands:
     init_us_2    :      0.00s CPU      0.02s WALL (     413 calls)
     cegterg      :     15.16s CPU     15.61s WALL (     802 calls)

     Called by *egterg:
     h_psi        :      2.78s CPU      4.98s WALL (   12557 calls)
     g_psi        :      0.00s CPU      0.02s WALL (   11342 calls)
     cdiaghg      :     10.11s CPU     11.38s WALL (   11755 calls)

     Called by h_psi:
     add_vuspsi   :      0.01s CPU      0.08s WALL (   12557 calls)

     General routines
     calbec       :      0.26s CPU      0.27s WALL (   12557 calls)
     fft          :      0.00s CPU      0.03s WALL (      12 calls)
     ffts         :      0.00s CPU      0.00s WALL (       1 calls)
     fftw         :      2.49s CPU      4.40s WALL (  110344 calls)
     interpolate  :      0.00s CPU      0.00s WALL (       1 calls)
     davcio       :      0.00s CPU      0.02s WALL (     413 calls)
 
     Parallel routines
     fft_scatter  :      2.23s CPU      2.90s WALL (  110357 calls)
 
     PWSCF        :  1m 3.52s CPU     1m17.06s WALL

 
   This run was terminated on:  13:37:26   4Mar2016            

=------------------------------------------------------------------------------=
   JOB DONE.
=------------------------------------------------------------------------------=
